src/app/admin/analytics/page.tsx(276,21): error TS2322: Type 'Column<ClickEvent>[]' is not assignable to type 'Column<Record<string, unknown>>[]'.
  Type 'Column<ClickEvent>' is not assignable to type 'Column<Record<string, unknown>>'.
    Type 'Record<string, unknown>' is missing the following properties from type 'ClickEvent': id, eventType, ipAddress, userAgent, and 4 more.
src/app/admin/analytics/page.tsx(277,21): error TS2322: Type 'ClickEvent[]' is not assignable to type 'Record<string, unknown>[]'.
  Type 'ClickEvent' is not assignable to type 'Record<string, unknown>'.
    Index signature for type 'string' is missing in type 'ClickEvent'.
src/app/admin/analytics/page.tsx(278,42): error TS2322: Type 'unknown' is not assignable to type 'string'.
src/app/admin/categories/page.tsx(256,17): error TS2322: Type 'Column<Category>[]' is not assignable to type 'Column<Record<string, unknown>>[]'.
  Type 'Column<Category>' is not assignable to type 'Column<Record<string, unknown>>'.
    Type 'Record<string, unknown>' is missing the following properties from type 'Category': id, name, slug, description, and 4 more.
src/app/admin/categories/page.tsx(257,17): error TS2322: Type 'Category[]' is not assignable to type 'Record<string, unknown>[]'.
  Type 'Category' is not assignable to type 'Record<string, unknown>'.
    Index signature for type 'string' is missing in type 'Category'.
src/app/admin/categories/page.tsx(258,38): error TS2322: Type 'unknown' is not assignable to type 'string'.
src/app/admin/categories/page.tsx(267,58): error TS2345: Argument of type 'Record<string, unknown>' is not assignable to parameter of type 'Category'.
  Type 'Record<string, unknown>' is missing the following properties from type 'Category': id, name, slug, description, and 4 more.
src/app/admin/categories/page.tsx(276,56): error TS2345: Argument of type 'unknown' is not assignable to parameter of type 'SetStateAction<string | null>'.
src/app/admin/coupons/page.tsx(374,17): error TS2322: Type 'Column<Coupon>[]' is not assignable to type 'Column<Record<string, unknown>>[]'.
  Type 'Column<Coupon>' is not assignable to type 'Column<Record<string, unknown>>'.
    Type 'Record<string, unknown>' is missing the following properties from type 'Coupon': id, code, discountType, discountValue, and 6 more.
src/app/admin/coupons/page.tsx(375,17): error TS2322: Type 'Coupon[]' is not assignable to type 'Record<string, unknown>[]'.
  Type 'Coupon' is not assignable to type 'Record<string, unknown>'.
    Index signature for type 'string' is missing in type 'Coupon'.
src/app/admin/coupons/page.tsx(376,38): error TS2322: Type 'unknown' is not assignable to type 'string'.
src/app/admin/coupons/page.tsx(385,58): error TS2345: Argument of type 'Record<string, unknown>' is not assignable to parameter of type 'Coupon'.
  Type 'Record<string, unknown>' is missing the following properties from type 'Coupon': id, code, discountType, discountValue, and 6 more.
src/app/admin/coupons/page.tsx(394,56): error TS2345: Argument of type 'unknown' is not assignable to parameter of type 'SetStateAction<string | null>'.
src/app/admin/courses/page.tsx(431,17): error TS2322: Type 'Column<Course>[]' is not assignable to type 'Column<Record<string, unknown>>[]'.
  Type 'Column<Course>' is not assignable to type 'Column<Record<string, unknown>>'.
    Type 'Record<string, unknown>' is missing the following properties from type 'Course': id, title, slug, description, and 18 more.
src/app/admin/courses/page.tsx(432,17): error TS2322: Type 'Course[]' is not assignable to type 'Record<string, unknown>[]'.
  Type 'Course' is not assignable to type 'Record<string, unknown>'.
    Index signature for type 'string' is missing in type 'Course'.
src/app/admin/courses/page.tsx(433,38): error TS2322: Type 'unknown' is not assignable to type 'string'.
src/app/admin/courses/page.tsx(442,58): error TS2345: Argument of type 'Record<string, unknown>' is not assignable to parameter of type 'Course'.
  Type 'Record<string, unknown>' is missing the following properties from type 'Course': id, title, slug, description, and 18 more.
src/app/admin/courses/page.tsx(451,56): error TS2345: Argument of type 'unknown' is not assignable to parameter of type 'SetStateAction<string | null>'.
src/app/admin/platforms/page.tsx(276,17): error TS2322: Type 'Column<Platform>[]' is not assignable to type 'Column<Record<string, unknown>>[]'.
  Type 'Column<Platform>' is not assignable to type 'Column<Record<string, unknown>>'.
    Type 'Record<string, unknown>' is missing the following properties from type 'Platform': id, name, slug, logoUrl, and 4 more.
src/app/admin/platforms/page.tsx(277,17): error TS2322: Type 'Platform[]' is not assignable to type 'Record<string, unknown>[]'.
  Type 'Platform' is not assignable to type 'Record<string, unknown>'.
    Index signature for type 'string' is missing in type 'Platform'.
src/app/admin/platforms/page.tsx(278,38): error TS2322: Type 'unknown' is not assignable to type 'string'.
src/app/admin/platforms/page.tsx(287,58): error TS2345: Argument of type 'Record<string, unknown>' is not assignable to parameter of type 'Platform'.
  Type 'Record<string, unknown>' is missing the following properties from type 'Platform': id, name, slug, logoUrl, and 4 more.
src/app/admin/platforms/page.tsx(296,56): error TS2345: Argument of type 'unknown' is not assignable to parameter of type 'SetStateAction<string | null>'.
src/app/admin/roadmaps/page.tsx(299,17): error TS2322: Type 'Column<Roadmap>[]' is not assignable to type 'Column<Record<string, unknown>>[]'.
  Type 'Column<Roadmap>' is not assignable to type 'Column<Record<string, unknown>>'.
    Type 'Record<string, unknown>' is missing the following properties from type 'Roadmap': id, title, slug, description, and 7 more.
src/app/admin/roadmaps/page.tsx(300,17): error TS2322: Type 'Roadmap[]' is not assignable to type 'Record<string, unknown>[]'.
  Type 'Roadmap' is not assignable to type 'Record<string, unknown>'.
    Index signature for type 'string' is missing in type 'Roadmap'.
src/app/admin/roadmaps/page.tsx(301,38): error TS2322: Type 'unknown' is not assignable to type 'string'.
src/app/admin/roadmaps/page.tsx(319,58): error TS2345: Argument of type 'Record<string, unknown>' is not assignable to parameter of type 'Roadmap'.
  Type 'Record<string, unknown>' is missing the following properties from type 'Roadmap': id, title, slug, description, and 7 more.
src/app/admin/roadmaps/page.tsx(328,56): error TS2345: Argument of type 'unknown' is not assignable to parameter of type 'SetStateAction<string | null>'.
src/app/api/admin/analytics/events/route.ts(31,21): error TS2353: Object literal may only specify known properties, and 'coupon' does not exist in type 'ClickEventInclude<DefaultArgs>'.
src/app/api/admin/roadmaps/[id]/route.ts(10,10): error TS2305: Module '"@/services"' has no exported member 'getRoadmapById'.
src/app/api/admin/roadmaps/[id]/steps/[stepId]/route.ts(17,15): error TS2554: Expected 2 arguments, but got 1.
